Component: ARM Compiler 5.06 update 6 (build 750) Tool: armlink [4d35ed]

==============================================================================

Section Cross References

    startup_lpc17xx.o(RESET) refers to startup_lpc17xx.o(STACK) for __initial_sp
    startup_lpc17xx.o(RESET) refers to startup_lpc17xx.o(.text) for Reset_Handler
    startup_lpc17xx.o(RESET) refers to main.o(.text) for TIMER0_IRQHandler
    startup_lpc17xx.o(RESET) refers to uart_1.o(.text) for UART0_IRQHandler
    startup_lpc17xx.o(RESET) refers to emac_lpc17xx_lan8720.o(.text) for ENET_IRQHandler
    startup_lpc17xx.o(.text) refers to system_lpc17xx.o(.text) for SystemInit
    startup_lpc17xx.o(.text) refers to entry.o(.ARM.Collect$$$$00000000) for __main
    system_lpc17xx.o(.text) refers to uldiv.o(.text) for __aeabi_uldivmod
    system_lpc17xx.o(.text) refers to system_lpc17xx.o(.data) for SystemCoreClock
    main.o(.text) refers to at_system.o(i.init_TcpNet) for init_TcpNet
    main.o(.text) refers to at_system.o(i.timer_tick) for timer_tick
    main.o(.text) refers to glcd_1.o(.text) for LCD_DrawLine
    main.o(.text) refers to strlen.o(.text) for strlen
    main.o(.text) refers to touchpanel_1.o(.text) for Read_Ads7846
    main.o(.text) refers to system_lpc17xx.o(.data) for SystemCoreClock
    main.o(.text) refers to main.o(.data) for zone_1
    main.o(.text) refers to touchpanel_1.o(.data) for matrix
    main.o(.text) refers to cfcmple.o(.text) for __aeabi_cfcmple
    main.o(.text) refers to ffltui.o(.text) for __aeabi_ui2f
    main.o(.text) refers to fmul.o(.text) for __aeabi_fmul
    main.o(.text) refers to fdiv.o(.text) for __aeabi_fdiv
    main.o(.text) refers to ffixui.o(.text) for __aeabi_f2uiz
    main.o(.text) refers to dfltui.o(.text) for __aeabi_ui2d
    main.o(.text) refers to ddiv.o(.text) for __aeabi_ddiv
    main.o(.text) refers to d2f.o(.text) for __aeabi_d2f
    main.o(.text) refers to fadd.o(.text) for __aeabi_fadd
    main.o(.text) refers to dadd.o(.text) for __aeabi_dadd
    main.o(.text) refers to dfixui.o(.text) for __aeabi_d2uiz
    main.o(.text) refers to f2d.o(.text) for __aeabi_f2d
    main.o(.text) refers to cfrcmple.o(.text) for __aeabi_cfrcmple
    main.o(.text) refers to dmul.o(.text) for __aeabi_dmul
    main.o(.text) refers to dflti.o(.text) for __aeabi_i2d
    main.o(.text) refers to dfixi.o(.text) for __aeabi_d2iz
    main.o(.text) refers to fflti.o(.text) for __aeabi_i2f
    main.o(.text) refers to printfa.o(i.__0sprintf) for __2sprintf
    main.o(.text) refers to main.o(.bss) for texto1
    main.o(.text) refers to memseta.o(.text) for __aeabi_memclr4
    main.o(.text) refers to cdrcmple.o(.text) for __aeabi_cdrcmple
    main.o(.text) refers to sin.o(i.sin) for sin
    main.o(.text) refers to cdcmple.o(.text) for __aeabi_cdcmple
    main.o(.text) refers to uart_1.o(.text) for tx_cadena_UART0
    main.o(.text) refers to strcmp.o(.text) for strcmp
    main.o(.text) refers to main.o(.conststring) for .conststring
    main.o(.text) refers to strcpy.o(.text) for strcpy
    main.o(.text) refers to atoi.o(.text) for atoi
    main.o(.text) refers to i2c_lpc17xx.o(.text) for I2Cdelay
    main.o(.text) refers to at_system.o(i.main_TcpNet) for main_TcpNet
    http_cgi.o(.text) refers to at_mem.o(i.alloc_mem) for alloc_mem
    http_cgi.o(.text) refers to at_http.o(i.http_get_var) for http_get_var
    http_cgi.o(.text) refers to at_lib.o(i.str_scomp) for str_scomp
    http_cgi.o(.text) refers to strcpy.o(.text) for strcpy
    http_cgi.o(.text) refers to at_mem.o(i.free_mem) for free_mem
    http_cgi.o(.text) refers to printfa.o(i.__0sprintf) for __2sprintf
    http_cgi.o(.text) refers to main.o(.data) for M_manual
    http_cgi.o(.text) refers to main.o(.bss) for cadena
    lpc17xx_ssp.o(.text) refers to lpc17xx_libcfg_default.o(.text) for check_failed
    lpc17xx_ssp.o(.text) refers to lpc17xx_clkpwr.o(.text) for CLKPWR_GetPCLK
    lpc17xx_clkpwr.o(.text) refers to system_lpc17xx.o(.data) for SystemCoreClock
    net_config.o(.text) refers to at_ethernet.o(i.eth_init_link) for eth_init_link
    net_config.o(.text) refers to at_ip.o(i.ip_init) for ip_init
    net_config.o(.text) refers to at_icmp.o(i.icmp_init) for icmp_init
    net_config.o(.text) refers to at_udp.o(i.udp_init) for udp_init
    net_config.o(.text) refers to at_tcp.o(i.tcp_init) for tcp_init
    net_config.o(.text) refers to at_http.o(i.http_init) for http_init
    net_config.o(.text) refers to at_arp.o(i.arp_notify) for arp_notify
    net_config.o(.text) refers to at_ethernet.o(i.eth_run_link) for eth_run_link
    net_config.o(.text) refers to at_ip.o(i.ip_run_local) for ip_run_local
    net_config.o(.text) refers to at_icmp.o(i.icmp_run_engine) for icmp_run_engine
    net_config.o(.text) refers to at_tcp.o(i.tcp_poll_sockets) for tcp_poll_sockets
    net_config.o(.text) refers to at_http.o(i.http_run_server) for http_run_server
[...]
    i.resize_mem                             0x000096b8   Section        0  at_mem.o(i.resize_mem)
    i.search_delim                           0x00009700   Section        0  at_http.o(i.search_delim)
    search_delim                             0x00009701   Thumb Code    76  at_http.o(i.search_delim)
    i.sin                                    0x0000974c   Section        0  sin.o(i.sin)
    i.str_copy                               0x000097ec   Section        0  at_lib.o(i.str_copy)
    i.str_crc32                              0x000097fe   Section        0  at_lib.o(i.str_crc32)
    i.str_pos                                0x00009818   Section        0  at_lib.o(i.str_pos)
    i.str_scomp                              0x0000982e   Section        0  at_lib.o(i.str_scomp)
    i.tcp_abort                              0x00009848   Section        0  at_tcp.o(i.tcp_abort)
    i.tcp_close                              0x00009898   Section        0  at_tcp.o(i.tcp_close)
    i.tcp_get_buf                            0x00009934   Section        0  at_tcp.o(i.tcp_get_buf)
    i.tcp_get_socket                         0x00009954   Section        0  at_tcp.o(i.tcp_get_socket)
    i.tcp_get_state                          0x000099a0   Section        0  at_tcp.o(i.tcp_get_state)
    i.tcp_init                               0x000099c4   Section        0  at_tcp.o(i.tcp_init)
    i.tcp_listen                             0x000099dc   Section        0  at_tcp.o(i.tcp_listen)
    i.tcp_map_socket                         0x00009a48   Section        0  at_tcp.o(i.tcp_map_socket)
    tcp_map_socket                           0x00009a49   Thumb Code   146  at_tcp.o(i.tcp_map_socket)
    i.tcp_max_dsize                          0x00009ae0   Section        0  at_tcp.o(i.tcp_max_dsize)
    i.tcp_parse_opt                          0x00009b04   Section        0  at_tcp.o(i.tcp_parse_opt)
    tcp_parse_opt                            0x00009b05   Thumb Code    94  at_tcp.o(i.tcp_parse_opt)
    i.tcp_poll_sockets                       0x00009b64   Section        0  at_tcp.o(i.tcp_poll_sockets)
    i.tcp_proc_acknr                         0x00009de8   Section        0  at_tcp.o(i.tcp_proc_acknr)
    tcp_proc_acknr                           0x00009de9   Thumb Code   194  at_tcp.o(i.tcp_proc_acknr)
    i.tcp_proc_dupack                        0x00009eb0   Section        0  at_tcp.o(i.tcp_proc_dupack)
    tcp_proc_dupack                          0x00009eb1   Thumb Code    82  at_tcp.o(i.tcp_proc_dupack)
    i.tcp_process                            0x00009f04   Section        0  at_tcp.o(i.tcp_process)
    i.tcp_que_free                           0x0000a39c   Section        0  at_tcp.o(i.tcp_que_free)
    tcp_que_free                             0x0000a39d   Thumb Code    26  at_tcp.o(i.tcp_que_free)
    i.tcp_que_init                           0x0000a3b6   Section        0  at_tcp.o(i.tcp_que_init)
    tcp_que_init                             0x0000a3b7   Thumb Code    26  at_tcp.o(i.tcp_que_init)
    i.tcp_que_resend                         0x0000a3d0   Section        0  at_tcp.o(i.tcp_que_resend)
    tcp_que_resend                           0x0000a3d1   Thumb Code   142  at_tcp.o(i.tcp_que_resend)
    i.tcp_send                               0x0000a464   Section        0  at_tcp.o(i.tcp_send)
    i.tcp_send_ctrl                          0x0000a538   Section        0  at_tcp.o(i.tcp_send_ctrl)
    tcp_send_ctrl                            0x0000a539   Thumb Code   106  at_tcp.o(i.tcp_send_ctrl)
    i.tcp_send_data                          0x0000a5a2   Section        0  at_tcp.o(i.tcp_send_data)
    tcp_send_data                            0x0000a5a3   Thumb Code    80  at_tcp.o(i.tcp_send_data)
    i.tcp_send_reset                         0x0000a5f2   Section        0  at_tcp.o(i.tcp_send_reset)
    tcp_send_reset                           0x0000a5f3   Thumb Code   104  at_tcp.o(i.tcp_send_reset)
    i.tcp_set_cwnd                           0x0000a65a   Section        0  at_tcp.o(i.tcp_set_cwnd)
    tcp_set_cwnd                             0x0000a65b   Thumb Code    38  at_tcp.o(i.tcp_set_cwnd)
    i.tcp_transit                            0x0000a680   Section        0  at_tcp.o(i.tcp_transit)
    tcp_transit                              0x0000a681   Thumb Code   100  at_tcp.o(i.tcp_transit)
    i.tcp_write                              0x0000a6e8   Section        0  at_tcp.o(i.tcp_write)
    tcp_write                                0x0000a6e9   Thumb Code   190  at_tcp.o(i.tcp_write)
    i.timer_tick                             0x0000a7ac   Section        0  at_system.o(i.timer_tick)
    i.udp_init                               0x0000a7c0   Section        0  at_udp.o(i.udp_init)
    i.udp_process                            0x0000a7d8   Section        0  at_udp.o(i.udp_process)
    i.utc_to_http                            0x0000a890   Section        0  at_http.o(i.utc_to_http)
    utc_to_http                              0x0000a891   Thumb Code   180  at_http.o(i.utc_to_http)
    .constdata                               0x0000a970   Section      144  net_config.o(.constdata)
    .constdata                               0x0000aa00   Section      828  web_1.o(.constdata)
    Web                                      0x0000aa04   Data         807  web_1.o(.constdata)
    .constdata                               0x0000ad3c   Section     1520  asciilib_1.o(.constdata)
    AsciiLib                                 0x0000ad3c   Data        1520  asciilib_1.o(.constdata)
    .constdata                               0x0000b32c   Section        6  at_arp.o(.constdata)
    NullAdr                                  0x0000b32c   Data           6  at_arp.o(.constdata)
    .constdata                               0x0000b332   Section        8  at_ip.o(.constdata)
    IP_Localhost                             0x0000b336   Data           4  at_ip.o(.constdata)
    .constdata                               0x0000b33a   Section      244  at_http.o(.constdata)
    DYear                                    0x0000b33a   Data           6  at_http.o(.constdata)
    Month                                    0x0000b340   Data          48  at_http.o(.constdata)
    WkDay                                    0x0000b370   Data          28  at_http.o(.constdata)
    DMonth                                   0x0000b38c   Data          24  at_http.o(.constdata)
    ftype                                    0x0000b3a4   Data         138  at_http.o(.constdata)
    .constdata                               0x0000b42e   Section        6  at_ethernet.o(.constdata)
    .constdata                               0x0000b434   Section       86  http_err.o(.constdata)
    .constdata                               0x0000b48a   Section       81  http_err.o(.constdata)
    .constdata                               0x0000b4db   Section       78  http_err.o(.constdata)
    .constdata                               0x0000b529   Section       75  http_err.o(.constdata)
    .constdata                               0x0000b574   Section       47  http_err.o(.constdata)
    .constdata                               0x0000b5a3   Section      136  http_err.o(.constdata)
    .constdata                               0x0000b630   Section       48  cos_i.o(.constdata)
    C                                        0x0000b630   Data          48  cos_i.o(.constdata)
    .constdata                               0x0000b660   Section      200  rred.o(.constdata)
    pio2s                                    0x0000b660   Data          48  rred.o(.constdata)
    twooverpi                                0x0000b690   Data         152  rred.o(.constdata)
    .constdata                               0x0000b728   Section       40  sin_i.o(.constdata)
    S                                        0x0000b728   Data          40  sin_i.o(.constdata)
    .constdata                               0x0000b750   Section      129  ctype_o.o(.constdata)
    .constdata                               0x0000b7d4   Section        4  ctype_o.o(.constdata)
    table                                    0x0000b7d4   Data           4  ctype_o.o(.constdata)
    .conststring                             0x0000b7d8   Section      249  main.o(.conststring)
    .data                                    0x10000000   Section        4  system_lpc17xx.o(.data)
    .data                                    0x10000004   Section    16276  main.o(.data)
    velDerecha                               0x10003f2c   Data           4  main.o(.data)
    velIzquierda                             0x10003f30   Data           4  main.o(.data)
    temp                                     0x10003f88   Data           4  main.o(.data)
    temp2                                    0x10003f8c   Data           4  main.o(.data)
    i                                        0x10003f90   Data           4  main.o(.data)
    indice_muestra                           0x10003f94   Data           2  main.o(.data)
    i                                        0x10003f96   Data           2  main.o(.data)
    .data                                    0x10003f98   Section       42  net_config.o(.data)
    http_passw                               0x10003fae   Data          20  net_config.o(.data)
    .data                                    0x10003fc4   Section       20  emac_lpc17xx_lan8720.o(.data)
    regv                                     0x10003fc8   Data           4  emac_lpc17xx_lan8720.o(.data)
    tout                                     0x10003fcc   Data           4  emac_lpc17xx_lan8720.o(.data)
    id1                                      0x10003fd0   Data           4  emac_lpc17xx_lan8720.o(.data)
    id2                                      0x10003fd4   Data           4  emac_lpc17xx_lan8720.o(.data)
    .data                                    0x10003fd8   Section       76  touchpanel_1.o(.data)
    screen                                   0x10004020   Data           4  touchpanel_1.o(.data)
    .data                                    0x10004024   Section        1  glcd_1.o(.data)
    LCD_Code                                 0x10004024   Data           1  glcd_1.o(.data)
    .data                                    0x10004028   Section        8  at_arp.o(.data)
    entry                                    0x10004028   Data           1  at_arp.o(.data)
    probe_ip                                 0x1000402c   Data           4  at_arp.o(.data)
    .data                                    0x10004030   Section       12  at_ip.o(.data)
    ip_id                                    0x10004030   Data           2  at_ip.o(.data)
    ip_control                               0x10004034   Data           8  at_ip.o(.data)
    .data                                    0x1000403c   Section        4  at_tcp.o(.data)
    socket                                   0x1000403c   Data           1  at_tcp.o(.data)
    no_ack                                   0x1000403d   Data           1  at_tcp.o(.data)
    port                                     0x1000403e   Data           2  at_tcp.o(.data)
    .data                                    0x10004040   Section       12  at_http.o(.data)
    session                                  0x10004040   Data           1  at_http.o(.data)
    cgi                                      0x10004044   Data           8  at_http.o(.data)
    .data                                    0x1000404c   Section        4  errno.o(.data)
    _errno                                   0x1000404c   Data           4  errno.o(.data)
    .bss                                     0x10004050   Section      595  main.o(.bss)
    .bss                                     0x100042a4   Section       16  at_icmp.o(.bss)
    icmp_control                             0x100042a4   Data          16  at_icmp.o(.bss)
    .bss                                     0x100042b4   Section      132  at_ethernet.o(.bss)
    eth_control                              0x100042b4   Data         132  at_ethernet.o(.bss)
    .bss                                     0x10004338   Section       16  at_mem.o(.bss)
    mem_control                              0x10004338   Data          16  at_mem.o(.bss)
    .bss                                     0x10004348   Section       76  at_system.o(.bss)
    STACK                                    0x10004398   Section      512  startup_lpc17xx.o(STACK)
    .bss                                     0x2007c000   Section    13240  net_config.o(.bss)
    mem_pool                                 0x2007c000   Data       12000  net_config.o(.bss)
    arp_table                                0x2007eee0   Data         140  net_config.o(.bss)
    udp_scb                                  0x2007ef6c   Data          24  net_config.o(.bss)
    tcp_scb                                  0x2007ef84   Data         816  net_config.o(.bss)
    http_scb                                 0x2007f2b4   Data         260  net_config.o(.bss)
    .bss                                     0x2007f3b8   Section    10852  emac_lpc17xx_lan8720.o(.bss)
    Rx_Desc                                  0x2007f3b8   Data          32  emac_lpc17xx_lan8720.o(.bss)
    Rx_Stat                                  0x2007f3d8   Data          32  emac_lpc17xx_lan8720.o(.bss)
    Tx_Desc                                  0x2007f3f8   Data          24  emac_lpc17xx_lan8720.o(.bss)
    Tx_Stat                                  0x2007f410   Data          12  emac_lpc17xx_lan8720.o(.bss)
    rx_buf                                   0x2007f41c   Data        6144  emac_lpc17xx_lan8720.o(.bss)
    tx_buf                                   0x20080c1c   Data        4608  emac_lpc17xx_lan8720.o(.bss)

    Global Symbols

    Symbol Name                              Value     Ov Type        Size  Object(Section)

    BuildAttributes$$THM_ISAv4$P$D$K$B$S$PE$A:L22UL41UL21$X:L11$S22US41US21$IEEE1$IW$~IW$USESV6$~STKCKD$USESV7$~SHL$OTIME$ROPI$IEEEX$EBA8$MICROLIB$REQ8$PRES8$EABIv2 0x00000000   Number         0  anon$$obj.o ABSOLUTE
    __ARM_use_no_argv                        0x00000000   Number         0  main.o ABSOLUTE
    __Vectors                                0x00000000   Data           4  startup_lpc17xx.o(RESET)
    _printf_a                                0x00000000   Number         0  stubs.o ABSOLUTE
    _printf_c                                0x00000000   Number         0  stubs.o ABSOLUTE
    _printf_charcount                        0x00000000   Number         0  stubs.o ABSOLUTE
    _printf_d                                0x00000000   Number         0  stubs.o ABSOLUTE
    _printf_e                                0x00000000   Number         0  stubs.o ABSOLUTE
    _printf_f                                0x00000000   Number         0  stubs.o ABSOLUTE
    _printf_flags                            0x00000000   Number         0  stubs.o ABSOLUTE
    _printf_fp_dec                           0x00000000   Number         0  stubs.o ABSOLUTE
    _printf_fp_hex                           0x00000000   Number         0  stubs.o ABSOLUTE
    _printf_g                                0x00000000   Number         0  stubs.o ABSOLUTE
    _printf_i                                0x00000000   Number         0  stubs.o ABSOLUTE
    _printf_int_dec                          0x00000000   Number         0  stubs.o ABSOLUTE
    _printf_l                                0x00000000   Number         0  stubs.o ABSOLUTE
    _printf_lc                               0x00000000   Number         0  stubs.o ABSOLUTE
    _printf_ll                               0x00000000   Number         0  stubs.o ABSOLUTE
    _printf_lld                              0x00000000   Number         0  stubs.o ABSOLUTE
    _printf_lli                              0x00000000   Number         0  stubs.o ABSOLUTE
    _printf_llo                              0x00000000   Number         0  stubs.o ABSOLUTE
    _printf_llu                              0x00000000   Number         0  stubs.o ABSOLUTE
    _printf_llx                              0x00000000   Number         0  stubs.o ABSOLUTE
    _printf_longlong_dec                     0x00000000   Number         0  stubs.o ABSOLUTE
    _printf_longlong_hex                     0x00000000   Number         0  stubs.o ABSOLUTE
    _printf_longlong_oct                     0x00000000   Number         0  stubs.o ABSOLUTE
    _printf_ls                               0x00000000   Number         0  stubs.o ABSOLUTE
    _printf_mbtowc                           0x00000000   Number         0  stubs.o ABSOLUTE
    _printf_n                                0x00000000   Number         0  stubs.o ABSOLUTE
    _printf_o                                0x00000000   Number         0  stubs.o ABSOLUTE
    _printf_p                                0x00000000   Number         0  stubs.o ABSOLUTE
    _printf_percent                          0x00000000   Number         0  stubs.o ABSOLUTE
    _printf_pre_padding                      0x00000000   Number         0  stubs.o ABSOLUTE
    _printf_return_value                     0x00000000   Number         0  stubs.o ABSOLUTE
    _printf_s                                0x00000000   Number         0  stubs.o ABSOLUTE
    _printf_sizespec                         0x00000000   Number         0  stubs.o ABSOLUTE
    _printf_str                              0x00000000   Number         0  stubs.o ABSOLUTE
    _printf_truncate_signed                  0x00000000   Number         0  stubs.o ABSOLUTE
    _printf_truncate_unsigned                0x00000000   Number         0  stubs.o ABSOLUTE
    _printf_u                                0x00000000   Number         0  stubs.o ABSOLUTE
    _printf_wc                               0x00000000   Number         0  stubs.o ABSOLUTE
    _printf_wctomb                           0x00000000   Number         0  stubs.o ABSOLUTE
    _printf_widthprec                        0x00000000   Number         0  stubs.o ABSOLUTE
    _printf_x                                0x00000000   Number         0  stubs.o ABSOLUTE
    __cpp_initialize__aeabi_                  - Undefined Weak Reference
    __cxa_finalize                            - Undefined Weak Reference
    _clock_init                               - Undefined Weak Reference
    _microlib_exit                            - Undefined Weak Reference
    poll_ethernet                             - Undefined Weak Reference
    __main                                   0x000000cd   Thumb Code     0  entry.o(.ARM.Collect$$$$00000000)
    _main_stk                                0x000000cd   Thumb Code     0  entry2.o(.ARM.Collect$$$$00000001)
    _main_scatterload                        0x000000d1   Thumb Code     0  entry5.o(.ARM.Collect$$$$00000004)
    __main_after_scatterload                 0x000000d5   Thumb Code     0  entry5.o(.ARM.Collect$$$$00000004)
    _main_clock                              0x000000d5   Thumb Code     0  entry7b.o(.ARM.Collect$$$$00000008)
    _main_cpp_init                           0x000000d5   Thumb Code     0  entry8b.o(.ARM.Collect$$$$0000000A)
    _main_init                               0x000000d5   Thumb Code     0  entry9a.o(.ARM.Collect$$$$0000000B)
    __rt_final_cpp                           0x000000dd   Thumb Code     0  entry10a.o(.ARM.Collect$$$$0000000D)
    __rt_final_exit                          0x000000dd   Thumb Code     0  entry11a.o(.ARM.Collect$$$$0000000F)
    Reset_Handler                            0x000000e1   Thumb Code     8  startup_lpc17xx.o(.text)
    NMI_Handler                              0x000000e9   Thumb Code     2  startup_lpc17xx.o(.text)
    HardFault_Handler                        0x000000eb   Thumb Code     2  startup_lpc17xx.o(.text)
    MemManage_Handler                        0x000000ed   Thumb Code     2  startup_lpc17xx.o(.text)
    BusFault_Handler                         0x000000ef   Thumb Code     2  startup_lpc17xx.o(.text)
    UsageFault_Handler                       0x000000f1   Thumb Code     2  startup_lpc17xx.o(.text)
    SVC_Handler                              0x000000f3   Thumb Code     2  startup_lpc17xx.o(.text)
    DebugMon_Handler                         0x000000f5   Thumb Code     2  startup_lpc17xx.o(.text)
    PendSV_Handler                           0x000000f7   Thumb Code     2  startup_lpc17xx.o(.text)
    SysTick_Handler                          0x000000f9   Thumb Code     2  startup_lpc17xx.o(.text)
    BOD_IRQHandler                           0x000000fb   Thumb Code     0  startup_lpc17xx.o(.text)
    CANActivity_IRQHandler                   0x000000fb   Thumb Code     0  startup_lpc17xx.o(.text)
    CAN_IRQHandler                           0x000000fb   Thumb Code     0  startup_lpc17xx.o(.text)
    DMA_IRQHandler                           0x000000fb   Thumb Code     0  startup_lpc17xx.o(.text)
    EINT2_IRQHandler                         0x000000fb   Thumb Code     0  startup_lpc17xx.o(.text)
    EINT3_IRQHandler                         0x000000fb   Thumb Code     0  startup_lpc17xx.o(.text)
    I2C0_IRQHandler                          0x000000fb   Thumb Code     0  startup_lpc17xx.o(.text)
    I2C1_IRQHandler                          0x000000fb   Thumb Code     0  startup_lpc17xx.o(.text)
    I2C2_IRQHandler                          0x000000fb   Thumb Code     0  startup_lpc17xx.o(.text)
    I2S_IRQHandler                           0x000000fb   Thumb Code     0  startup_lpc17xx.o(.text)
    MCPWM_IRQHandler                         0x000000fb   Thumb Code     0  startup_lpc17xx.o(.text)
    PLL0_IRQHandler                          0x000000fb   Thumb Code     0  startup_lpc17xx.o(.text)
    PLL1_IRQHandler                          0x000000fb   Thumb Code     0  startup_lpc17xx.o(.text)
    PWM1_IRQHandler                          0x000000fb   Thumb Code     0  startup_lpc17xx.o(.text)
    QEI_IRQHandler                           0x000000fb   Thumb Code     0  startup_lpc17xx.o(.text)
    RIT_IRQHandler                           0x000000fb   Thumb Code     0  startup_lpc17xx.o(.text)
    RTC_IRQHandler                           0x000000fb   Thumb Code     0  startup_lpc17xx.o(.text)
    SPI_IRQHandler                           0x000000fb   Thumb Code     0  startup_lpc17xx.o(.text)
    SSP0_IRQHandler                          0x000000fb   Thumb Code     0  startup_lpc17xx.o(.text)
    SSP1_IRQHandler                          0x000000fb   Thumb Code     0  startup_lpc17xx.o(.text)
    UART1_IRQHandler                         0x000000fb   Thumb Code     0  startup_lpc17xx.o(.text)
    UART2_IRQHandler                         0x000000fb   Thumb Code     0  startup_lpc17xx.o(.text)
    UART3_IRQHandler                         0x000000fb   Thumb Code     0  startup_lpc17xx.o(.text)
    USBActivity_IRQHandler                   0x000000fb   Thumb Code     0  startup_lpc17xx.o(.text)
    USB_IRQHandler                           0x000000fb   Thumb Code     0  startup_lpc17xx.o(.text)
    WDT_IRQHandler                           0x000000fb   Thumb Code     0  startup_lpc17xx.o(.text)
    cgi_process_var                          0x00000105   Thumb Code   192  http_cgi.o(.text)
    cgi_process_data                         0x000001c5   Thumb Code    12  http_cgi.o(.text)
    cgi_func                                 0x000001d1   Thumb Code   166  http_cgi.o(.text)
    GetASCIICode                             0x000002d1   Thumb Code    26  asciilib_1.o(.text)
    __aeabi_ui2f                             0x000002f1   Thumb Code    10  ffltui.o(.text)
    __I$use$fp                               0x000002fb   Thumb Code     0  iusefp.o(.text)
    __scatterload_null                       0x000002fb   Thumb Code     2  handlers.o(i.__scatterload_null)
    SystemCoreClockUpdate                    0x00000301   Thumb Code   408  system_lpc17xx.o(.text)
    __RL_TCP_VER                             0x00000472   Number         0  at_system.o ABSOLUTE
    SystemInit                               0x00000499   Thumb Code   310  system_lpc17xx.o(.text)
    squareButton                             0x0000063f   Thumb Code   226  main.o(.text)
    drawMinus                                0x00000721   Thumb Code   244  main.o(.text)
    drawAdd                                  0x00000815   Thumb Code   240  main.o(.text)
    screenMain                               0x00000905   Thumb Code    94  main.o(.text)
    checkTouchPanel                          0x00000963   Thumb Code   234  main.o(.text)
    zonePressed                              0x00000a4d   Thumb Code    72  main.o(.text)
    zoneNewPressed                           0x00000a95   Thumb Code    80  main.o(.text)
    setVelDerecha                            0x00000ae5   Thumb Code   150  main.o(.text)
    setVelIzquierda                          0x00000b7b   Thumb Code   150  main.o(.text)
    configPWM                                0x00000c11   Thumb Code    88  main.o(.text)
    pines                                    0x00000c69   Thumb Code    94  main.o(.text)
    TIMER2_IRQHandler                        0x00000cc7   Thumb Code   844  main.o(.text)
    configTimer2                             0x00001013   Thumb Code   116  main.o(.text)
    recto                                    0x00001087   Thumb Code   292  main.o(.text)
    pausa                                    0x000011ab   Thumb Code    80  main.o(.text)
    giro                                     0x000011fb   Thumb Code    64  main.o(.text)
    mostrarpantalla                          0x0000123b   Thumb Code  1614  main.o(.text)
    maquinaEstados                           0x00001889   Thumb Code   678  main.o(.text)
    init_ADC                                 0x00001b2f   Thumb Code   106  main.o(.text)
    TIMER1_IRQHandler                        0x00001b99   Thumb Code   316  main.o(.text)
    ADC_IRQHandler                           0x00001cd5   Thumb Code   198  main.o(.text)
    init_TIMER1                              0x00001d9b   Thumb Code    48  main.o(.text)
    genera_muestras_seno                     0x00001dcb   Thumb Code   104  main.o(.text)
    init_DAC                                 0x00001e33   Thumb Code    32  main.o(.text)
    init_TIMER3                              0x00001e53   Thumb Code    48  main.o(.text)
    init_Externas                            0x00001e83   Thumb Code   110  main.o(.text)
    EINT1_IRQHandler                         0x00001ef1   Thumb Code    20  main.o(.text)
    EINT0_IRQHandler                         0x00001f05   Thumb Code   422  main.o(.text)
    TIMER3_IRQHandler                        0x000020ab   Thumb Code   326  main.o(.text)
    maquinaEstadosUart                       0x000021f1   Thumb Code  1548  main.o(.text)
    init_UART                                0x000027fd   Thumb Code    32  main.o(.text)
    TIMER0_init                              0x0000281d   Thumb Code    74  main.o(.text)
    mando_init                               0x00002867   Thumb Code    64  main.o(.text)
    leerMando                                0x000028a7   Thumb Code   246  main.o(.text)
    TIMER0_IRQHandler                        0x0000299d   Thumb Code    56  main.o(.text)
    modos                                    0x000029d5   Thumb Code   520  main.o(.text)
    WDTInit                                  0x00002bdd   Thumb Code    24  main.o(.text)
    WDTFeed                                  0x00002bf5   Thumb Code    12  main.o(.text)
    main                                     0x00002c01   Thumb Code   134  main.o(.text)
    sys_error                                0x00002ca9   Thumb Code    36  net_config.o(.text)
    init_system                              0x00002ccd   Thumb Code    34  net_config.o(.text)
    run_system                               0x00002cef   Thumb Code    26  net_config.o(.text)
    igmp_is_member                           0x00002d09   Thumb Code     4  net_config.o(.text)
    igmp_process                             0x00002d0d   Thumb Code     2  net_config.o(.text)
    dhcp_disable                             0x00002d0f   Thumb Code     2  net_config.o(.text)
    ppp_send_frame                           0x00002d11   Thumb Code     4  net_config.o(.text)
    slip_send_frame                          0x00002d15   Thumb Code     4  net_config.o(.text)
    sntp_get_time                            0x00002d19   Thumb Code     4  net_config.o(.text)
    int_enable_eth                           0x00002d1d   Thumb Code    22  emac_lpc17xx_lan8720.o(.text)
    int_disable_eth                          0x00002d33   Thumb Code    18  emac_lpc17xx_lan8720.o(.text)
    setMac                                   0x00002d45   Thumb Code   178  emac_lpc17xx_lan8720.o(.text)
    init_ethernet                            0x00002f07   Thumb Code   696  emac_lpc17xx_lan8720.o(.text)
    send_frame                               0x000031bf   Thumb Code    68  emac_lpc17xx_lan8720.o(.text)
    ENET_IRQHandler                          0x00003203   Thumb Code   168  emac_lpc17xx_lan8720.o(.text)
    UART0_IRQHandler                         0x00003369   Thumb Code   110  uart_1.o(.text)
    tx_cadena_UART0                          0x000033d7   Thumb Code    32  uart_1.o(.text)
    uart0_init                               0x000034f1   Thumb Code    68  uart_1.o(.text)
    TP_Init                                  0x00003559   Thumb Code    78  touchpanel_1.o(.text)
    Read_X                                   0x00003619   Thumb Code    42  touchpanel_1.o(.text)
    Read_Y                                   0x00003643   Thumb Code    42  touchpanel_1.o(.text)
    TP_GetAdXY                               0x0000366d   Thumb Code    34  touchpanel_1.o(.text)
    TP_DrawPoint                             0x0000368f   Thumb Code    64  touchpanel_1.o(.text)
    DrawCross                                0x000036cf   Thumb Code   356  touchpanel_1.o(.text)
    Read_Ads7846                             0x00003833   Thumb Code   518  touchpanel_1.o(.text)
    setCalibrationMatrix                     0x00003a39   Thumb Code   356  touchpanel_1.o(.text)
    getDisplayPoint                          0x00003b9d   Thumb Code   238  touchpanel_1.o(.text)
    LCD_Initializtion                        0x00003db3   Thumb Code  1260  glcd_1.o(.text)
    LCD_Clear                                0x0000429f   Thumb Code  2746  glcd_1.o(.text)
    LCD_SetPoint                             0x00004d59   Thumb Code  1302  glcd_1.o(.text)
    LCD_DrawLine                             0x0000526f   Thumb Code   250  glcd_1.o(.text)
    PutChar                                  0x00005369   Thumb Code   100  glcd_1.o(.text)
    GUI_Text                                 0x000053cd   Thumb Code    80  glcd_1.o(.text)
    I2Cdelay                                 0x00005421   Thumb Code    14  i2c_lpc17xx.o(.text)
    I2Cdelay1                                0x0000542f   Thumb Code    14  i2c_lpc17xx.o(.text)
    pulso_SCL                                0x0000543d   Thumb Code    24  i2c_lpc17xx.o(.text)
    I2CSendByte                              0x00005455   Thumb Code    82  i2c_lpc17xx.o(.text)
    I2CSendAddr                              0x000054a7   Thumb Code    68  i2c_lpc17xx.o(.text)
    I2CGetByte                               0x000054eb   Thumb Code   106  i2c_lpc17xx.o(.text)
    I2CSendStop                              0x00005555   Thumb Code    34  i2c_lpc17xx.o(.text)
    __aeabi_uldivmod                         0x0000557d   Thumb Code    98  uldiv.o(.text)
    __aeabi_memcpy                           0x000055df   Thumb Code    36  memcpya.o(.text)
    __aeabi_memcpy4                          0x000055df   Thumb Code     0  memcpya.o(.text)
    __aeabi_memcpy8                          0x000055df   Thumb Code     0  memcpya.o(.text)
    __aeabi_memset                           0x00005603   Thumb Code    14  memseta.o(.text)
    __aeabi_memset4                          0x00005603   Thumb Code     0  memseta.o(.text)
    __aeabi_memset8                          0x00005603   Thumb Code     0  memseta.o(.text)
    __aeabi_memclr                           0x00005611   Thumb Code     4  memseta.o(.text)
    __aeabi_memclr4                          0x00005611   Thumb Code     0  memseta.o(.text)
    __aeabi_memclr8                          0x00005611   Thumb Code     0  memseta.o(.text)
    _memset$wrapper                          0x00005615   Thumb Code    18  memseta.o(.text)
    strlen                                   0x00005627   Thumb Code    14  strlen.o(.text)
    strcmp                                   0x00005635   Thumb Code    28  strcmp.o(.text)
    strcpy                                   0x00005651   Thumb Code    18  strcpy.o(.text)
    atoi                                     0x00005663   Thumb Code    26  atoi.o(.text)
    __aeabi_fadd                             0x0000567d   Thumb Code   164  fadd.o(.text)
    __aeabi_fsub                             0x00005721   Thumb Code     6  fadd.o(.text)
    __aeabi_frsub                            0x00005727   Thumb Code     6  fadd.o(.text)
    __aeabi_fmul                             0x0000572d   Thumb Code   100  fmul.o(.text)
    __aeabi_fdiv                             0x00005791   Thumb Code   124  fdiv.o(.text)
    __aeabi_dadd                             0x0000580d   Thumb Code   322  dadd.o(.text)
    __aeabi_dsub                             0x0000594f   Thumb Code     6  dadd.o(.text)
    __aeabi_drsub                            0x00005955   Thumb Code     6  dadd.o(.text)
    __aeabi_dmul                             0x0000595b   Thumb Code   228  dmul.o(.text)
    __aeabi_ddiv                             0x00005a3f   Thumb Code   222  ddiv.o(.text)
    __aeabi_i2f                              0x00005b1d   Thumb Code    18  fflti.o(.text)
    __aeabi_i2d                              0x00005b2f   Thumb Code    34  dflti.o(.text)
    __aeabi_ui2d                             0x00005b51   Thumb Code    26  dfltui.o(.text)
    __aeabi_f2uiz                            0x00005b6b   Thumb Code    40  ffixui.o(.text)
    __aeabi_d2iz                             0x00005b93   Thumb Code    62  dfixi.o(.text)
    __aeabi_d2uiz                            0x00005bd1   Thumb Code    50  dfixui.o(.text)
    __aeabi_f2d                              0x00005c03   Thumb Code    38  f2d.o(.text)
    __aeabi_cdcmpeq                          0x00005c29   Thumb Code     0  cdcmple.o(.text)
    __aeabi_cdcmple                          0x00005c29   Thumb Code    48  cdcmple.o(.text)
    __aeabi_cdrcmple                         0x00005c59   Thumb Code    48  cdrcmple.o(.text)
    __aeabi_d2f                              0x00005c89   Thumb Code    56  d2f.o(.text)
    __aeabi_cfcmpeq                          0x00005cc1   Thumb Code     0  cfcmple.o(.text)
    __aeabi_cfcmple                          0x00005cc1   Thumb Code    20  cfcmple.o(.text)
    __aeabi_cfrcmple                         0x00005cd5   Thumb Code    20  cfrcmple.o(.text)
    __aeabi_uidiv                            0x00005ce9   Thumb Code     0  uidiv.o(.text)
    __aeabi_uidivmod                         0x00005ce9   Thumb Code    44  uidiv.o(.text)
    __aeabi_llsl                             0x00005d15   Thumb Code    30  llshl.o(.text)
    _ll_shift_l                              0x00005d15   Thumb Code     0  llshl.o(.text)
    __aeabi_llsr                             0x00005d33   Thumb Code    32  llushr.o(.text)
    _ll_ushift_r                             0x00005d33   Thumb Code     0  llushr.o(.text)
    __aeabi_lasr                             0x00005d53   Thumb Code    36  llsshr.o(.text)
    _ll_sshift_r                             0x00005d53   Thumb Code     0  llsshr.o(.text)
    strtol                                   0x00005d77   Thumb Code   112  strtol.o(.text)
    _float_round                             0x00005de7   Thumb Code    18  fepilogue.o(.text)
    _float_epilogue                          0x00005df9   Thumb Code    92  fepilogue.o(.text)
    _double_round                            0x00005e55   Thumb Code    30  depilogue.o(.text)
    _double_epilogue                         0x00005e73   Thumb Code   156  depilogue.o(.text)
    __aeabi_d2ulz                            0x00005f0f   Thumb Code    48  dfixul.o(.text)
    __scatterload                            0x00005f41   Thumb Code    28  init.o(.text)
    __scatterload_rt2                        0x00005f41   Thumb Code     0  init.o(.text)
    __rt_ctype_table                         0x00005f65   Thumb Code     4  ctype_o.o(.text)
    _strtoul                                 0x00005f6d   Thumb Code   158  _strtoul.o(.text)
    __ARM_scalbn                             0x0000600b   Thumb Code    46  dscalb.o(.text)
    scalbn                                   0x0000600b   Thumb Code     0  dscalb.o(.text)
    _chval                                   0x00006039   Thumb Code    28  _chval.o(.text)
    __decompress                             0x00006055   Thumb Code     0  __dclz77c.o(.text)
    __decompress2                            0x00006055   Thumb Code    94  __dclz77c.o(.text)
    __0sprintf                               0x000060b5   Thumb Code    34  printfa.o(i.__0sprintf)
    __1sprintf                               0x000060b5   Thumb Code     0  printfa.o(i.__0sprintf)
    __2sprintf                               0x000060b5   Thumb Code     0  printfa.o(i.__0sprintf)
    __c89sprintf                             0x000060b5   Thumb Code     0  printfa.o(i.__0sprintf)
    sprintf                                  0x000060b5   Thumb Code     0  printfa.o(i.__0sprintf)
    __ARM_fpclassify                         0x000060dd   Thumb Code    40  fpclassify.o(i.__ARM_fpclassify)
    __aeabi_errno_addr                       0x00006105   Thumb Code     4  errno.o(i.__aeabi_errno_addr)
    __rt_errno_addr                          0x00006105   Thumb Code     0  errno.o(i.__aeabi_errno_addr)
    __ieee754_rem_pio2                       0x0000610d   Thumb Code   828  rred.o(i.__ieee754_rem_pio2)
    __kernel_cos                             0x00006495   Thumb Code   230  cos_i.o(i.__kernel_cos)
    __kernel_poly                            0x00006591   Thumb Code   170  poly.o(i.__kernel_poly)
    __kernel_sin                             0x0000663d   Thumb Code   224  sin_i.o(i.__kernel_sin)
    __mathlib_dbl_infnan                     0x00006729   Thumb Code     6  dunder.o(i.__mathlib_dbl_infnan)
    __mathlib_dbl_invalid                    0x0000672f   Thumb Code    12  dunder.o(i.__mathlib_dbl_invalid)
    __mathlib_dbl_underflow                  0x0000673d   Thumb Code    10  dunder.o(i.__mathlib_dbl_underflow)
    __scatterload_copy                       0x0000674d   Thumb Code    14  handlers.o(i.__scatterload_copy)
    __scatterload_zeroinit                   0x0000675b   Thumb Code    14  handlers.o(i.__scatterload_zeroinit)
    __set_errno                              0x00006769   Thumb Code     6  errno.o(i.__set_errno)
    alloc_mem                                0x00007065   Thumb Code   174  at_mem.o(i.alloc_mem)
    arp_cache_add                            0x0000711d   Thumb Code   174  at_arp.o(i.arp_cache_add)
    arp_cache_early                          0x0000725d   Thumb Code   142  at_arp.o(i.arp_cache_early)
    arp_cache_find                           0x000072f5   Thumb Code   168  at_arp.o(i.arp_cache_find)
    arp_cache_update                         0x000073a9   Thumb Code   228  at_arp.o(i.arp_cache_update)
    arp_init                                 0x0000749d   Thumb Code    34  at_arp.o(i.arp_init)
    arp_notify                               0x000074fd   Thumb Code    26  at_arp.o(i.arp_notify)
    arp_process                              0x000075ad   Thumb Code   294  at_arp.o(i.arp_process)
    avail_mem                                0x0000783d   Thumb Code    22  at_mem.o(i.avail_mem)
    b64_to_asc                               0x00007859   Thumb Code   120  at_lib.o(i.b64_to_asc)
    calc_chksum16be                          0x000078d1   Thumb Code    18  at_lib.o(i.calc_chksum16be)
    cgx_content_type                         0x000078e3   Thumb Code     4  at_http.o(i.cgx_content_type)
    chksum16_buf                             0x00007ab5   Thumb Code    40  at_lib.o(i.chksum16_buf)
    chksum16_val                             0x00007add   Thumb Code    10  at_lib.o(i.chksum16_val)
    eth_chk_adr                              0x00007b2d   Thumb Code    10  at_ethernet.o(i.eth_chk_adr)
    eth_init_link                            0x00007b3d   Thumb Code    40  at_ethernet.o(i.eth_init_link)
    eth_run_link                             0x00007b71   Thumb Code   194  at_ethernet.o(i.eth_run_link)
    eth_send_frame                           0x00007c45   Thumb Code   150  at_ethernet.o(i.eth_send_frame)
    free_mem                                 0x00007ced   Thumb Code   124  at_mem.o(i.free_mem)
    get_rnd32                                0x00007e5d   Thumb Code    18  at_system.o(i.get_rnd32)
    http_accept_host                         0x00007e8b   Thumb Code     4  at_http.o(i.http_accept_host)
    http_check_account                       0x0000814d   Thumb Code     4  at_http.o(i.http_check_account)
    http_fclose                              0x000082d9   Thumb Code     2  at_http_uif.o(i.http_fclose)
    http_fgets                               0x000082db   Thumb Code     4  at_http_uif.o(i.http_fgets)
    http_file_access                         0x000082df   Thumb Code     4  at_http.o(i.http_file_access)
    http_finfo                               0x000082e3   Thumb Code     4  at_http_uif.o(i.http_finfo)
    http_fopen                               0x000082e7   Thumb Code     4  at_http_uif.o(i.http_fopen)
    http_fread                               0x000082eb   Thumb Code     4  at_http_uif.o(i.http_fread)
    http_get_var                             0x000082f1   Thumb Code   104  at_http.o(i.http_get_var)
    http_init                                0x0000835d   Thumb Code    72  at_http.o(i.http_init)
    http_run_server                          0x00008b19   Thumb Code   816  at_http.o(i.http_run_server)
    icmp_init                                0x00008f1d   Thumb Code    10  at_icmp.o(i.icmp_init)
    icmp_process                             0x00008f2d   Thumb Code   198  at_icmp.o(i.icmp_process)
    icmp_run_engine                          0x00008ff9   Thumb Code    58  at_icmp.o(i.icmp_run_engine)
    ifree_mem                                0x000090b1   Thumb Code    48  at_mem.o(i.ifree_mem)
    init_TcpNet                              0x000090e9   Thumb Code    38  at_system.o(i.init_TcpNet)
    init_mem                                 0x00009119   Thumb Code    86  at_mem.o(i.init_mem)
    ip_chk_frame                             0x00009179   Thumb Code   190  at_ip.o(i.ip_chk_frame)
    ip_get_locadr                            0x0000924d   Thumb Code   166  at_ip.o(i.ip_get_locadr)
    ip_init                                  0x00009305   Thumb Code     8  at_ip.o(i.ip_init)
    ip_run_local                             0x00009311   Thumb Code    82  at_ip.o(i.ip_run_local)
    ip_send_frame                            0x0000936d   Thumb Code   328  at_ip.o(i.ip_send_frame)
    is_subnet                                0x000094bd   Thumb Code    20  at_lib.o(i.is_subnet)
    main_TcpNet                              0x000094d1   Thumb Code    86  at_system.o(i.main_TcpNet)
    mem_comp                                 0x00009535   Thumb Code    24  at_lib.o(i.mem_comp)
    mem_copy                                 0x0000954d   Thumb Code    22  at_lib.o(i.mem_copy)
    mem_crc32                                0x00009563   Thumb Code    32  at_lib.o(i.mem_crc32)
    mem_set                                  0x00009583   Thumb Code    10  at_lib.o(i.mem_set)
    mem_test                                 0x0000958d   Thumb Code    20  at_lib.o(i.mem_test)
    nrd_u32be                                0x000095a1   Thumb Code    22  at_lib.o(i.nrd_u32be)
    nwr_u32be                                0x000095b7   Thumb Code    16  at_lib.o(i.nwr_u32be)
    put_in_queue                             0x000095f1   Thumb Code    36  at_ethernet.o(i.put_in_queue)
    resize_mem                               0x000096b9   Thumb Code    68  at_mem.o(i.resize_mem)
    sin                                      0x0000974d   Thumb Code   150  sin.o(i.sin)
    str_copy                                 0x000097ed   Thumb Code    18  at_lib.o(i.str_copy)
    str_crc32                                0x000097ff   Thumb Code    26  at_lib.o(i.str_crc32)
    str_pos                                  0x00009819   Thumb Code    22  at_lib.o(i.str_pos)
    str_scomp                                0x0000982f   Thumb Code    26  at_lib.o(i.str_scomp)
    tcp_abort                                0x00009849   Thumb Code    76  at_tcp.o(i.tcp_abort)
    tcp_close                                0x00009899   Thumb Code   150  at_tcp.o(i.tcp_close)
    tcp_get_buf                              0x00009935   Thumb Code    32  at_tcp.o(i.tcp_get_buf)
    tcp_get_socket                           0x00009955   Thumb Code    70  at_tcp.o(i.tcp_get_socket)
    tcp_get_state                            0x000099a1   Thumb Code    32  at_tcp.o(i.tcp_get_state)
    tcp_init                                 0x000099c5   Thumb Code    18  at_tcp.o(i.tcp_init)
    tcp_listen                               0x000099dd   Thumb Code   102  at_tcp.o(i.tcp_listen)
    tcp_max_dsize                            0x00009ae1   Thumb Code    30  at_tcp.o(i.tcp_max_dsize)
    tcp_poll_sockets                         0x00009b65   Thumb Code   630  at_tcp.o(i.tcp_poll_sockets)
    tcp_process                              0x00009f05   Thumb Code  1164  at_tcp.o(i.tcp_process)
    tcp_send                                 0x0000a465   Thumb Code   204  at_tcp.o(i.tcp_send)
    timer_tick                               0x0000a7ad   Thumb Code    14  at_system.o(i.timer_tick)
    udp_init                                 0x0000a7c1   Thumb Code    18  at_udp.o(i.udp_init)
    udp_process                              0x0000a7d9   Thumb Code   178  at_udp.o(i.udp_process)
    nlocalm                                  0x0000a970   Data          60  net_config.o(.constdata)
    sys_config                               0x0000a9ac   Data          16  net_config.o(.constdata)
    arp_config                               0x0000a9bc   Data          12  net_config.o(.constdata)
    udp_config                               0x0000a9c8   Data           8  net_config.o(.constdata)
    tcp_config                               0x0000a9d0   Data          24  net_config.o(.constdata)
    http_config                              0x0000a9e8   Data          24  net_config.o(.constdata)
    FileMD                                   0x0000aa00   Data           4  web_1.o(.constdata)
    FileTab                                  0x0000ad2c   Data          16  web_1.o(.constdata)
    IP_Broadcast                             0x0000b332   Data           4  at_ip.o(.constdata)
    MAC_Broadcast                            0x0000b42e   Data           6  at_ethernet.o(.constdata)
    http_err_401                             0x0000b434   Data          86  http_err.o(.constdata)
    http_err_403                             0x0000b48a   Data          81  http_err.o(.constdata)
    http_err_404                             0x0000b4db   Data          78  http_err.o(.constdata)
    http_err_501                             0x0000b529   Data          75  http_err.o(.constdata)
    http_err_head                            0x0000b574   Data          47  http_err.o(.constdata)
    http_err_foot                            0x0000b5a3   Data         136  http_err.o(.constdata)
    __ctype_table                            0x0000b750   Data         129  ctype_o.o(.constdata)
    Region$$Table$$Base                      0x0000b8d4   Number         0  anon$$obj.o(Region$$Table)
    Region$$Table$$Limit                     0x0000b904   Number         0  anon$$obj.o(Region$$Table)
    SystemCoreClock                          0x10000000   Data           4  system_lpc17xx.o(.data)
    N1                                       0x10000004   Data           4  main.o(.data)
    N2                                       0x10000008   Data           4  main.o(.data)
    datoX                                    0x1000000c   Data           1  main.o(.data)
    datoY                                    0x1000000d   Data           1  main.o(.data)
    datoC                                    0x1000000e   Data           1  main.o(.data)
    datoZ                                    0x1000000f   Data           1  main.o(.data)
    datoBasura                               0x10000010   Data           1  main.o(.data)
    datoZC                                   0x10000011   Data           1  main.o(.data)
    M_manual                                 0x10000012   Data           2  main.o(.data)
    M_auto                                   0x10000014   Data           2  main.o(.data)
    M_debug                                  0x10000016   Data           2  main.o(.data)
    flagServer                               0x10000018   Data           2  main.o(.data)
    ptr_rx                                   0x1000001c   Data           4  main.o(.data)
    rx_completa                              0x10000020   Data           1  main.o(.data)
    ptr_tx                                   0x10000024   Data           4  main.o(.data)
    tx_completa                              0x10000028   Data           1  main.o(.data)
    estadoUart                               0x1000002c   Data           4  main.o(.data)
    opcion                                   0x10000030   Data           4  main.o(.data)
    modo                                     0x10000034   Data           4  main.o(.data)
    vel                                      0x10000038   Data           4  main.o(.data)
    audio                                    0x1000003c   Data           4  main.o(.data)
    parar                                    0x10000040   Data           4  main.o(.data)
    segundos                                 0x10000044   Data           4  main.o(.data)
    mute                                     0x10000048   Data           4  main.o(.data)
    fin                                      0x1000004c   Data           4  main.o(.data)
    vez                                      0x10000050   Data           4  main.o(.data)
    activo                                   0x10000054   Data           4  main.o(.data)
    muestras                                 0x10000058   Data       15872  main.o(.data)
    tensionPot                               0x10003e58   Data           4  main.o(.data)
    tensionBateria                           0x10003e5c   Data           4  main.o(.data)
    Bateria                                  0x10003e60   Data           4  main.o(.data)
    cambioServer                             0x10003e64   Data           4  main.o(.data)
    estado                                   0x10003e68   Data           4  main.o(.data)
    indice                                   0x10003e6c   Data           4  main.o(.data)
    aux                                      0x10003e70   Data           4  main.o(.data)
    zone_1                                   0x10003e74   Data          10  main.o(.data)
    zone_2                                   0x10003e7e   Data          10  main.o(.data)
    zone_3                                   0x10003e88   Data          10  main.o(.data)
    zone_4                                   0x10003e92   Data          10  main.o(.data)
    zone_5                                   0x10003e9c   Data          10  main.o(.data)
    zone_6                                   0x10003ea6   Data          10  main.o(.data)
    zone_7                                   0x10003eb0   Data          10  main.o(.data)
    zone_8                                   0x10003eba   Data          10  main.o(.data)
    zone_9                                   0x10003ec4   Data          10  main.o(.data)
    zone_10                                  0x10003ece   Data          10  main.o(.data)
    zone_11                                  0x10003ed8   Data          10  main.o(.data)
    zone_12                                  0x10003ee2   Data          10  main.o(.data)
    zone_13                                  0x10003eec   Data          10  main.o(.data)
    zone_14                                  0x10003ef6   Data          10  main.o(.data)
    zone_15                                  0x10003f00   Data          10  main.o(.data)
    zone_16                                  0x10003f0a   Data          10  main.o(.data)
    zone_17                                  0x10003f14   Data          10  main.o(.data)
    zone_18                                  0x10003f1e   Data          10  main.o(.data)
    pressedTouchPanel                        0x10003f28   Data           1  main.o(.data)
    posicion                                 0x10003f34   Data           4  main.o(.data)
    Distancia                                0x10003f38   Data           4  main.o(.data)
    frecuencia1                              0x10003f3c   Data           4  main.o(.data)
    frecuencia2                              0x10003f40   Data           4  main.o(.data)
    velocidad1D                              0x10003f44   Data           4  main.o(.data)
    velocidad1I                              0x10003f48   Data           4  main.o(.data)
    velocidad2D                              0x10003f4c   Data           4  main.o(.data)
    velocidad2I                              0x10003f50   Data           4  main.o(.data)
    contadorPulsos1                          0x10003f54   Data           4  main.o(.data)
    contadorPulsos2                          0x10003f58   Data           4  main.o(.data)
    Lder                                     0x10003f5c   Data           4  main.o(.data)
    Lizq                                     0x10003f60   Data           4  main.o(.data)
    LderT                                    0x10003f64   Data           4  main.o(.data)
    LizqT                                    0x10003f68   Data           4  main.o(.data)
    contador                                 0x10003f6c   Data           4  main.o(.data)
    flag                                     0x10003f70   Data           4  main.o(.data)
    dist                                     0x10003f74   Data           4  main.o(.data)
    sentido                                  0x10003f78   Data           4  main.o(.data)
    angulo                                   0x10003f7c   Data           4  main.o(.data)
    a                                        0x10003f80   Data           4  main.o(.data)
    posicionDeltaT                           0x10003f84   Data           4  main.o(.data)
    lhost_name                               0x10003f98   Data          16  net_config.o(.data)
    own_hw_adr                               0x10003fa8   Data           6  net_config.o(.data)
    iap_entry                                0x10003fc4   Data           4  emac_lpc17xx_lan8720.o(.data)
    matrix                                   0x10003fd8   Data          56  touchpanel_1.o(.data)
    display                                  0x10004010   Data           4  touchpanel_1.o(.data)
    DisplaySample                            0x10004014   Data          12  touchpanel_1.o(.data)
    buffer                                   0x10004050   Data          80  main.o(.bss)
    buffer_tx                                0x100040a0   Data          80  main.o(.bss)
    muestrasTono                             0x100040f0   Data          40  main.o(.bss)
    cadena                                   0x10004118   Data          20  main.o(.bss)
    array                                    0x1000412c   Data         100  main.o(.bss)
    texto1                                   0x10004190   Data          25  main.o(.bss)
    texto2                                   0x100041a9   Data          25  main.o(.bss)
    texto3                                   0x100041c2   Data          25  main.o(.bss)
    texto4                                   0x100041db   Data          25  main.o(.bss)
    texto5                                   0x100041f4   Data          25  main.o(.bss)
    texto6                                   0x1000420d   Data          25  main.o(.bss)
    texto7                                   0x10004226   Data          25  main.o(.bss)
    texto8                                   0x1000423f   Data          25  main.o(.bss)
    texto9                                   0x10004258   Data          25  main.o(.bss)
    texto10                                  0x10004271   Data          25  main.o(.bss)
    texto11                                  0x1000428a   Data          25  main.o(.bss)
    localm                                   0x10004348   Data          60  at_system.o(.bss)
    sys_control                              0x10004384   Data          16  at_system.o(.bss)
    __initial_sp                             0x10004598   Data           0  startup_lpc17xx.o(STACK)



==============================================================================

Memory Map of the image

  Image Entry point : 0x000000cd

  Load Region LR_IROM1 (Base: 0x00000000, Size: 0x0000f954, Max: 0x00080000, ABSOLUTE, COMPRESSED[0x0000d570])

    Execution Region ER_IROM1 (Exec base: 0x00000000, Load base: 0x00000000, Size: 0x0000b904, Max: 0x00080000, ABSOLUTE)

    Exec Addr    Load Addr    Size         Type   Attr      Idx    E Section Name        Object

    0x00000000   0x00000000   0x000000cc   Data   RO            3    RESET               startup_lpc17xx.o
    0x000000cc   0x000000cc   0x00000000   Code   RO          881  * .ARM.Collect$$$$00000000  mc_w.l(entry.o)
    0x000000cc   0x000000cc   0x00000004   Code   RO         1227    .ARM.Collect$$$$00000001  mc_w.l(entry2.o)
    0x000000d0   0x000000d0   0x00000004   Code   RO         1230    .ARM.Collect$$$$00000004  mc_w.l(entry5.o)
    0x000000d4   0x000000d4   0x00000000   Code   RO         1232    .ARM.Collect$$$$00000008  mc_w.l(entry7b.o)
    0x000000d4   0x000000d4   0x00000000   Code   RO         1234    .ARM.Collect$$$$0000000A  mc_w.l(entry8b.o)
    0x000000d4   0x000000d4   0x00000008   Code   RO         1235    .ARM.Collect$$$$0000000B  mc_w.l(entry9a.o)
    0x000000dc   0x000000dc   0x00000000   Code   RO         1237    .ARM.Collect$$$$0000000D  mc_w.l(entry10a.o)
    0x000000dc   0x000000dc   0x00000000   Code   RO         1239    .ARM.Collect$$$$0000000F  mc_w.l(entry11a.o)
    0x000000dc   0x000000dc   0x00000004   Code   RO         1228    .ARM.Collect$$$$00002712  mc_w.l(entry2.o)
    0x000000e0   0x000000e0   0x00000024   Code   RO            5    .text               startup_lpc17xx.o
    0x00000104   0x00000104   0x000001cc   Code   RO          141    .text               http_cgi.o
    0x000002d0   0x000002d0   0x00000020   Code   RO          425    .text               asciilib_1.o
    0x000002f0   0x000002f0   0x0000000a   Code   RO         1175    .text               mf_w.l(ffltui.o)
    0x000002fa   0x000002fa   0x00000000   Code   RO         1261    .text               mc_w.l(iusefp.o)
    0x000002fa   0x000002fa   0x00000002   Code   RO         1312    i.__scatterload_null  mc_w.l(handlers.o)
    0x000002fc   0x000002fc   0x00000004   Code   RO            4    .ARM.__at_0x02FC    startup_lpc17xx.o
    0x00000300   0x00000300   0x000002ec   Code   RO           14    .text               system_lpc17xx.o
    0x000005ec   0x000005ec   0x000026bc   Code   RO           59    .text               main.o
    0x00002ca8   0x00002ca8   0x00000074   Code   RO          274    .text               net_config.o
    0x00002d1c   0x00002d1c   0x0000064c   Code   RO          302    .text               emac_lpc17xx_lan8720.o
    0x00003368   0x00003368   0x000001f0   Code   RO          345    .text               uart_1.o
    0x00003558   0x00003558   0x00000738   Code   RO          369    .text               touchpanel_1.o
    0x00003c90   0x00003c90   0x00001790   Code   RO          402    .text               glcd_1.o
    0x00005420   0x00005420   0x0000015c   Code   RO          440    .text               i2c_lpc17xx.o
    0x0000557c   0x0000557c   0x00000062   Code   RO          884    .text               mc_w.l(uldiv.o)
    0x000055de   0x000055de   0x00000024   Code   RO          886    .text               mc_w.l(memcpya.o)
    0x00005602   0x00005602   0x00000024   Code   RO          888    .text               mc_w.l(memseta.o)
    0x00005626   0x00005626   0x0000000e   Code   RO          890    .text               mc_w.l(strlen.o)
    0x00005634   0x00005634   0x0000001c   Code   RO          892    .text               mc_w.l(strcmp.o)
    0x00005650   0x00005650   0x00000012   Code   RO          894    .text               mc_w.l(strcpy.o)
    0x00005662   0x00005662   0x0000001a   Code   RO         1159    .text               mc_w.l(atoi.o)
    0x0000567c   0x0000567c   0x000000b0   Code   RO         1161    .text               mf_w.l(fadd.o)
    0x0000572c   0x0000572c   0x00000064   Code   RO         1163    .text               mf_w.l(fmul.o)
    0x00005790   0x00005790   0x0000007c   Code   RO         1165    .text               mf_w.l(fdiv.o)
    0x0000580c   0x0000580c   0x0000014e   Code   RO         1167    .text               mf_w.l(dadd.o)
    0x0000595a   0x0000595a   0x000000e4   Code   RO         1169    .text               mf_w.l(dmul.o)
    0x00005a3e   0x00005a3e   0x000000de   Code   RO         1171    .text               mf_w.l(ddiv.o)
    0x00005b1c   0x00005b1c   0x00000012   Code   RO         1173    .text               mf_w.l(fflti.o)
    0x00005b2e   0x00005b2e   0x00000022   Code   RO         1177    .text               mf_w.l(dflti.o)
    0x00005b50   0x00005b50   0x0000001a   Code   RO         1179    .text               mf_w.l(dfltui.o)
    0x00005b6a   0x00005b6a   0x00000028   Code   RO         1181    .text               mf_w.l(ffixui.o)
    0x00005b92   0x00005b92   0x0000003e   Code   RO         1183    .text               mf_w.l(dfixi.o)
    0x00005bd0   0x00005bd0   0x00000032   Code   RO         1185    .text               mf_w.l(dfixui.o)
    0x00005c02   0x00005c02   0x00000026   Code   RO         1187    .text               mf_w.l(f2d.o)
    0x00005c28   0x00005c28   0x00000030   Code   RO         1189    .text               mf_w.l(cdcmple.o)
    0x00005c58   0x00005c58   0x00000030   Code   RO         1191    .text               mf_w.l(cdrcmple.o)
    0x00005c88   0x00005c88   0x00000038   Code   RO         1193    .text               mf_w.l(d2f.o)
    0x00005cc0   0x00005cc0   0x00000014   Code   RO         1195    .text               mf_w.l(cfcmple.o)
    0x00005cd4   0x00005cd4   0x00000014   Code   RO         1197    .text               mf_w.l(cfrcmple.o)
    0x00005ce8   0x00005ce8   0x0000002c   Code   RO         1244    .text               mc_w.l(uidiv.o)
    0x00005d14   0x00005d14   0x0000001e   Code   RO         1246    .text               mc_w.l(llshl.o)
    0x00005d32   0x00005d32   0x00000020   Code   RO         1248    .text               mc_w.l(llushr.o)
    0x00005d52   0x00005d52   0x00000024   Code   RO         1250    .text               mc_w.l(llsshr.o)
    0x00005d76   0x00005d76   0x00000070   Code   RO         1259    .text               mc_w.l(strtol.o)
    0x00005de6   0x00005de6   0x0000006e   Code   RO         1262    .text               mf_w.l(fepilogue.o)
    0x00005e54   0x00005e54   0x000000ba   Code   RO         1264    .text               mf_w.l(depilogue.o)
    0x00005f0e   0x00005f0e   0x00000030   Code   RO         1266    .text               mf_w.l(dfixul.o)
    0x00005f3e   0x00005f3e   0x00000002   PAD
    0x00005f40   0x00005f40   0x00000024   Code   RO         1272    .text               mc_w.l(init.o)
    0x00005f64   0x00005f64   0x00000008   Code   RO         1275    .text               mc_w.l(ctype_o.o)
    0x00005f6c   0x00005f6c   0x0000009e   Code   RO         1303    .text               mc_w.l(_strtoul.o)
    0x0000600a   0x0000600a   0x0000002e   Code   RO         1306    .text               mf_w.l(dscalb.o)
    0x00006038   0x00006038   0x0000001c   Code   RO         1308    .text               mc_w.l(_chval.o)
    0x00006054   0x00006054   0x0000005e   Code   RO         1317    .text               mc_w.l(__dclz77c.o)
    0x000060b2   0x000060b2   0x00000002   PAD
    0x000060b4   0x000060b4   0x00000028   Code   RO         1133    i.__0sprintf        mc_w.l(printfa.o)
    0x000060dc   0x000060dc   0x00000028   Code   RO         1268    i.__ARM_fpclassify  m_ws.l(fpclassify.o)
    0x00006104   0x00006104   0x00000008   Code   RO         1252    i.__aeabi_errno_addr  mc_w.l(errno.o)
    0x0000610c   0x0000610c   0x00000388   Code   RO         1216    i.__ieee754_rem_pio2  m_ws.l(rred.o)
    0x00006494   0x00006494   0x000000fc   Code   RO         1199    i.__kernel_cos      m_ws.l(cos_i.o)
    0x00006590   0x00006590   0x000000aa   Code   RO         1270    i.__kernel_poly     m_ws.l(poly.o)
    0x0000663a   0x0000663a   0x00000002   PAD
    0x0000663c   0x0000663c   0x000000ec   Code   RO         1221    i.__kernel_sin      m_ws.l(sin_i.o)
    0x00006728   0x00006728   0x00000006   Code   RO         1203    i.__mathlib_dbl_infnan  m_ws.l(dunder.o)
    0x0000672e   0x0000672e   0x0000000c   Code   RO         1205    i.__mathlib_dbl_invalid  m_ws.l(dunder.o)
    0x0000673a   0x0000673a   0x00000002   PAD
    0x0000673c   0x0000673c   0x00000010   Code   RO         1208    i.__mathlib_dbl_underflow  m_ws.l(dunder.o)
    0x0000674c   0x0000674c   0x0000000e   Code   RO         1311    i.__scatterload_copy  mc_w.l(handlers.o)
    0x0000675a   0x0000675a   0x0000000e   Code   RO         1313    i.__scatterload_zeroinit  mc_w.l(handlers.o)
    0x00006768   0x00006768   0x0000000c   Code   RO         1254    i.__set_errno       mc_w.l(errno.o)
    0x00006774   0x00006774   0x00000184   Code   RO         1138    i._fp_digits        mc_w.l(printfa.o)
    0x000068f8   0x000068f8   0x000006dc   Code   RO         1139    i._printf_core      mc_w.l(printfa.o)
    0x00006fd4   0x00006fd4   0x00000024   Code   RO         1140    i._printf_post_padding  mc_w.l(printfa.o)
    0x00006ff8   0x00006ff8   0x0000002e   Code   RO         1141    i._printf_pre_padding  mc_w.l(printfa.o)
    0x00007026   0x00007026   0x0000000a   Code   RO         1143    i._sputc            mc_w.l(printfa.o)
    0x00007030   0x00007030   0x00000034   Code   RO          656    i.add_server_id     TCP_CM3.lib(at_http.o)
    0x00007064   0x00007064   0x000000b8   Code   RO          810    i.alloc_mem         TCP_CM3.lib(at_mem.o)
    0x0000711c   0x0000711c   0x000000b8   Code   RO          472    i.arp_cache_add     TCP_CM3.lib(at_arp.o)
    0x000071d4   0x000071d4   0x00000088   Code   RO          473    i.arp_cache_alloc   TCP_CM3.lib(at_arp.o)
    0x0000725c   0x0000725c   0x00000098   Code   RO          474    i.arp_cache_early   TCP_CM3.lib(at_arp.o)
    0x000072f4   0x000072f4   0x000000b4   Code   RO          475    i.arp_cache_find    TCP_CM3.lib(at_arp.o)
    0x000073a8   0x000073a8   0x000000f4   Code   RO          478    i.arp_cache_update  TCP_CM3.lib(at_arp.o)
    0x0000749c   0x0000749c   0x0000002c   Code   RO          481    i.arp_init          TCP_CM3.lib(at_arp.o)
    0x000074c8   0x000074c8   0x00000034   Code   RO          482    i.arp_is_cacheable  TCP_CM3.lib(at_arp.o)
    0x000074fc   0x000074fc   0x00000028   Code   RO          483    i.arp_notify        TCP_CM3.lib(at_arp.o)
    0x00007524   0x00007524   0x00000088   Code   RO          485    i.arp_proc_response  TCP_CM3.lib(at_arp.o)
    0x000075ac   0x000075ac   0x00000138   Code   RO          486    i.arp_process       TCP_CM3.lib(at_arp.o)
    0x000076e4   0x000076e4   0x000000a0   Code   RO          487    i.arp_send_reply    TCP_CM3.lib(at_arp.o)
    0x00007784   0x00007784   0x000000b8   Code   RO          488    i.arp_send_request  TCP_CM3.lib(at_arp.o)
    0x0000783c   0x0000783c   0x0000001c   Code   RO          811    i.avail_mem         TCP_CM3.lib(at_mem.o)
    0x00007858   0x00007858   0x00000078   Code   RO          755    i.b64_to_asc        TCP_CM3.lib(at_lib.o)
    0x000078d0   0x000078d0   0x00000012   Code   RO          757    i.calc_chksum16be   TCP_CM3.lib(at_lib.o)
    0x000078e2   0x000078e2   0x00000004   Code   RO          657    i.cgx_content_type  TCP_CM3.lib(at_http.o)
    0x000078e6   0x000078e6   0x00000002   PAD
    0x000078e8   0x000078e8   0x000001cc   Code   RO          658    i.chk_post_req      TCP_CM3.lib(at_http.o)
    0x00007ab4   0x00007ab4   0x00000028   Code   RO          758    i.chksum16_buf      TCP_CM3.lib(at_lib.o)
    0x00007adc   0x00007adc   0x0000000a   Code   RO          759    i.chksum16_val      TCP_CM3.lib(at_lib.o)
    0x00007ae6   0x00007ae6   0x0000001e   Code   RO          659    i.cmp_fname_ext     TCP_CM3.lib(at_http.o)
    0x00007b04   0x00007b04   0x00000028   Code   RO          660    i.cmp_header        TCP_CM3.lib(at_http.o)
    0x00007b2c   0x00007b2c   0x00000010   Code   RO          734    i.eth_chk_adr       TCP_CM3.lib(at_ethernet.o)
    0x00007b3c   0x00007b3c   0x00000034   Code   RO          736    i.eth_init_link     TCP_CM3.lib(at_ethernet.o)
    0x00007b70   0x00007b70   0x000000d4   Code   RO          737    i.eth_run_link      TCP_CM3.lib(at_ethernet.o)
    0x00007c44   0x00007c44   0x000000a8   Code   RO          738    i.eth_send_frame    TCP_CM3.lib(at_ethernet.o)
    0x00007cec   0x00007cec   0x00000084   Code   RO          812    i.free_mem          TCP_CM3.lib(at_mem.o)
    0x00007d70   0x00007d70   0x00000028   Code   RO          761    i.get_crc32         TCP_CM3.lib(at_lib.o)
    0x00007d98   0x00007d98   0x00000068   Code   RO          661    i.get_file_type     TCP_CM3.lib(at_http.o)
    0x00007e00   0x00007e00   0x00000028   Code   RO          662    i.get_next_field    TCP_CM3.lib(at_http.o)
    0x00007e28   0x00007e28   0x00000032   Code   RO          663    i.get_next_par      TCP_CM3.lib(at_http.o)
    0x00007e5a   0x00007e5a   0x00000002   PAD
    0x00007e5c   0x00007e5c   0x0000001c   Code   RO          830    i.get_rnd32         TCP_CM3.lib(at_system.o)
    0x00007e78   0x00007e78   0x00000012   Code   RO          664    i.hex2byte          TCP_CM3.lib(at_http.o)
    0x00007e8a   0x00007e8a   0x00000004   Code   RO          665    i.http_accept_host  TCP_CM3.lib(at_http.o)
    0x00007e8e   0x00007e8e   0x00000002   PAD
    0x00007e90   0x00007e90   0x000002bc   Code   RO          666    i.http_add_header   TCP_CM3.lib(at_http.o)
    0x0000814c   0x0000814c   0x00000004   Code   RO          667    i.http_check_account  TCP_CM3.lib(at_http.o)
    0x00008150   0x00008150   0x00000188   Code   RO          669    i.http_error_msg    TCP_CM3.lib(at_http.o)
    0x000082d8   0x000082d8   0x00000002   Code   RO          857    i.http_fclose       TCP_CM3.lib(at_http_uif.o)
    0x000082da   0x000082da   0x00000004   Code   RO          858    i.http_fgets        TCP_CM3.lib(at_http_uif.o)
    0x000082de   0x000082de   0x00000004   Code   RO          670    i.http_file_access  TCP_CM3.lib(at_http.o)
    0x000082e2   0x000082e2   0x00000004   Code   RO          859    i.http_finfo        TCP_CM3.lib(at_http_uif.o)
    0x000082e6   0x000082e6   0x00000004   Code   RO          860    i.http_fopen        TCP_CM3.lib(at_http_uif.o)
    0x000082ea   0x000082ea   0x00000004   Code   RO          861    i.http_fread        TCP_CM3.lib(at_http_uif.o)
    0x000082ee   0x000082ee   0x00000002   PAD
    0x000082f0   0x000082f0   0x0000006c   Code   RO          676    i.http_get_var      TCP_CM3.lib(at_http.o)
    0x0000835c   0x0000835c   0x00000050   Code   RO          677    i.http_init         TCP_CM3.lib(at_http.o)
    0x000083ac   0x000083ac   0x0000005e   Code   RO          678    i.http_kill_session  TCP_CM3.lib(at_http.o)
    0x0000840a   0x0000840a   0x00000002   PAD
    0x0000840c   0x0000840c   0x00000224   Code   RO          679    i.http_listener     TCP_CM3.lib(at_http.o)
    0x00008630   0x00008630   0x00000120   Code   RO          680    i.http_open_file    TCP_CM3.lib(at_http.o)
    0x00008750   0x00008750   0x00000154   Code   RO          681    i.http_proc_header  TCP_CM3.lib(at_http.o)
    0x000088a4   0x000088a4   0x0000017c   Code   RO          682    i.http_proc_multipart  TCP_CM3.lib(at_http.o)
    0x00008a20   0x00008a20   0x000000f8   Code   RO          683    i.http_proc_post    TCP_CM3.lib(at_http.o)
    0x00008b18   0x00008b18   0x0000033c   Code   RO          684    i.http_run_server   TCP_CM3.lib(at_http.o)
    0x00008e54   0x00008e54   0x0000001e   Code   RO          685    i.http_strcpy       TCP_CM3.lib(at_http.o)
    0x00008e72   0x00008e72   0x00000002   PAD
    0x00008e74   0x00008e74   0x000000a8   Code   RO          686    i.http_to_utc       TCP_CM3.lib(at_http.o)
    0x00008f1c   0x00008f1c   0x00000010   Code   RO          535    i.icmp_init         TCP_CM3.lib(at_icmp.o)
    0x00008f2c   0x00008f2c   0x000000cc   Code   RO          537    i.icmp_process      TCP_CM3.lib(at_icmp.o)
    0x00008ff8   0x00008ff8   0x00000048   Code   RO          538    i.icmp_run_engine   TCP_CM3.lib(at_icmp.o)
    0x00009040   0x00009040   0x00000070   Code   RO          539    i.icmp_send_message  TCP_CM3.lib(at_icmp.o)
    0x000090b0   0x000090b0   0x00000038   Code   RO          813    i.ifree_mem         TCP_CM3.lib(at_mem.o)
    0x000090e8   0x000090e8   0x00000030   Code   RO          831    i.init_TcpNet       TCP_CM3.lib(at_system.o)
    0x00009118   0x00009118   0x00000060   Code   RO          814    i.init_mem          TCP_CM3.lib(at_mem.o)
    0x00009178   0x00009178   0x000000c8   Code   RO          514    i.ip_chk_frame      TCP_CM3.lib(at_ip.o)
    0x00009240   0x00009240   0x0000000a   Code   RO          515    i.ip_get_chksum     TCP_CM3.lib(at_ip.o)
    0x0000924a   0x0000924a   0x00000002   PAD
    0x0000924c   0x0000924c   0x000000b8   Code   RO          516    i.ip_get_locadr     TCP_CM3.lib(at_ip.o)
    0x00009304   0x00009304   0x0000000c   Code   RO          517    i.ip_init           TCP_CM3.lib(at_ip.o)
    0x00009310   0x00009310   0x0000005c   Code   RO          518    i.ip_run_local      TCP_CM3.lib(at_ip.o)
    0x0000936c   0x0000936c   0x00000150   Code   RO          519    i.ip_send_frame     TCP_CM3.lib(at_ip.o)
    0x000094bc   0x000094bc   0x00000014   Code   RO          762    i.is_subnet         TCP_CM3.lib(at_lib.o)
    0x000094d0   0x000094d0   0x00000064   Code   RO          832    i.main_TcpNet       TCP_CM3.lib(at_system.o)
    0x00009534   0x00009534   0x00000018   Code   RO          763    i.mem_comp          TCP_CM3.lib(at_lib.o)
    0x0000954c   0x0000954c   0x00000016   Code   RO          764    i.mem_copy          TCP_CM3.lib(at_lib.o)
    0x00009562   0x00009562   0x00000020   Code   RO          765    i.mem_crc32         TCP_CM3.lib(at_lib.o)
    0x00009582   0x00009582   0x0000000a   Code   RO          767    i.mem_set           TCP_CM3.lib(at_lib.o)
    0x0000958c   0x0000958c   0x00000014   Code   RO          768    i.mem_test          TCP_CM3.lib(at_lib.o)
    0x000095a0   0x000095a0   0x00000016   Code   RO          770    i.nrd_u32be         TCP_CM3.lib(at_lib.o)
    0x000095b6   0x000095b6   0x00000010   Code   RO          772    i.nwr_u32be         TCP_CM3.lib(at_lib.o)
    0x000095c6   0x000095c6   0x00000002   PAD
    0x000095c8   0x000095c8   0x00000028   Code   RO          687    i.proc_req_line     TCP_CM3.lib(at_http.o)
    0x000095f0   0x000095f0   0x00000028   Code   RO          739    i.put_in_queue      TCP_CM3.lib(at_ethernet.o)
    0x00009618   0x00009618   0x000000a0   Code   RO          688    i.read_script_line  TCP_CM3.lib(at_http.o)
    0x000096b8   0x000096b8   0x00000048   Code   RO          815    i.resize_mem        TCP_CM3.lib(at_mem.o)
    0x00009700   0x00009700   0x0000004c   Code   RO          689    i.search_delim      TCP_CM3.lib(at_http.o)
    0x0000974c   0x0000974c   0x000000a0   Code   RO          874    i.sin               m_ws.l(sin.o)
    0x000097ec   0x000097ec   0x00000012   Code   RO          773    i.str_copy          TCP_CM3.lib(at_lib.o)
    0x000097fe   0x000097fe   0x0000001a   Code   RO          774    i.str_crc32         TCP_CM3.lib(at_lib.o)
    0x00009818   0x00009818   0x00000016   Code   RO          775    i.str_pos           TCP_CM3.lib(at_lib.o)
    0x0000982e   0x0000982e   0x0000001a   Code   RO          776    i.str_scomp         TCP_CM3.lib(at_lib.o)
    0x00009848   0x00009848   0x00000050   Code   RO          552    i.tcp_abort         TCP_CM3.lib(at_tcp.o)
    0x00009898   0x00009898   0x0000009c   Code   RO          554    i.tcp_close         TCP_CM3.lib(at_tcp.o)
    0x00009934   0x00009934   0x00000020   Code   RO          557    i.tcp_get_buf       TCP_CM3.lib(at_tcp.o)
    0x00009954   0x00009954   0x0000004c   Code   RO          559    i.tcp_get_socket    TCP_CM3.lib(at_tcp.o)
    0x000099a0   0x000099a0   0x00000024   Code   RO          560    i.tcp_get_state     TCP_CM3.lib(at_tcp.o)
    0x000099c4   0x000099c4   0x00000018   Code   RO          561    i.tcp_init          TCP_CM3.lib(at_tcp.o)
    0x000099dc   0x000099dc   0x0000006c   Code   RO          563    i.tcp_listen        TCP_CM3.lib(at_tcp.o)
    0x00009a48   0x00009a48   0x00000098   Code   RO          564    i.tcp_map_socket    TCP_CM3.lib(at_tcp.o)
    0x00009ae0   0x00009ae0   0x00000024   Code   RO          565    i.tcp_max_dsize     TCP_CM3.lib(at_tcp.o)
    0x00009b04   0x00009b04   0x0000005e   Code   RO          567    i.tcp_parse_opt     TCP_CM3.lib(at_tcp.o)
    0x00009b62   0x00009b62   0x00000002   PAD
    0x00009b64   0x00009b64   0x00000284   Code   RO          568    i.tcp_poll_sockets  TCP_CM3.lib(at_tcp.o)
    0x00009de8   0x00009de8   0x000000c8   Code   RO          569    i.tcp_proc_acknr    TCP_CM3.lib(at_tcp.o)
    0x00009eb0   0x00009eb0   0x00000052   Code   RO          570    i.tcp_proc_dupack   TCP_CM3.lib(at_tcp.o)
    0x00009f02   0x00009f02   0x00000002   PAD
    0x00009f04   0x00009f04   0x00000498   Code   RO          571    i.tcp_process       TCP_CM3.lib(at_tcp.o)
    0x0000a39c   0x0000a39c   0x0000001a   Code   RO          572    i.tcp_que_free      TCP_CM3.lib(at_tcp.o)
    0x0000a3b6   0x0000a3b6   0x0000001a   Code   RO          573    i.tcp_que_init      TCP_CM3.lib(at_tcp.o)
    0x0000a3d0   0x0000a3d0   0x00000094   Code   RO          574    i.tcp_que_resend    TCP_CM3.lib(at_tcp.o)
    0x0000a464   0x0000a464   0x000000d4   Code   RO          578    i.tcp_send          TCP_CM3.lib(at_tcp.o)
    0x0000a538   0x0000a538   0x0000006a   Code   RO          579    i.tcp_send_ctrl     TCP_CM3.lib(at_tcp.o)
    0x0000a5a2   0x0000a5a2   0x00000050   Code   RO          580    i.tcp_send_data     TCP_CM3.lib(at_tcp.o)
    0x0000a5f2   0x0000a5f2   0x00000068   Code   RO          581    i.tcp_send_reset    TCP_CM3.lib(at_tcp.o)
    0x0000a65a   0x0000a65a   0x00000026   Code   RO          582    i.tcp_set_cwnd      TCP_CM3.lib(at_tcp.o)
    0x0000a680   0x0000a680   0x00000068   Code   RO          583    i.tcp_transit       TCP_CM3.lib(at_tcp.o)
    0x0000a6e8   0x0000a6e8   0x000000c4   Code   RO          584    i.tcp_write         TCP_CM3.lib(at_tcp.o)
    0x0000a7ac   0x0000a7ac   0x00000014   Code   RO          833    i.timer_tick        TCP_CM3.lib(at_system.o)
    0x0000a7c0   0x0000a7c0   0x00000018   Code   RO          629    i.udp_init          TCP_CM3.lib(at_udp.o)
    0x0000a7d8   0x0000a7d8   0x000000b8   Code   RO          634    i.udp_process       TCP_CM3.lib(at_udp.o)
    0x0000a890   0x0000a890   0x000000e0   Code   RO          690    i.utc_to_http       TCP_CM3.lib(at_http.o)
    0x0000a970   0x0000a970   0x00000090   Data   RO          276    .constdata          net_config.o
    0x0000aa00   0x0000aa00   0x0000033c   Data   RO          329    .constdata          web_1.o
    0x0000ad3c   0x0000ad3c   0x000005f0   Data   RO          426    .constdata          asciilib_1.o
    0x0000b32c   0x0000b32c   0x00000006   Data   RO          489    .constdata          TCP_CM3.lib(at_arp.o)
    0x0000b332   0x0000b332   0x00000008   Data   RO          520    .constdata          TCP_CM3.lib(at_ip.o)
    0x0000b33a   0x0000b33a   0x000000f4   Data   RO          691    .constdata          TCP_CM3.lib(at_http.o)
    0x0000b42e   0x0000b42e   0x00000006   Data   RO          741    .constdata          TCP_CM3.lib(at_ethernet.o)
    0x0000b434   0x0000b434   0x00000056   Data   RO          845    .constdata          TCP_CM3.lib(http_err.o)
    0x0000b48a   0x0000b48a   0x00000051   Data   RO          846    .constdata          TCP_CM3.lib(http_err.o)
    0x0000b4db   0x0000b4db   0x0000004e   Data   RO          847    .constdata          TCP_CM3.lib(http_err.o)
    0x0000b529   0x0000b529   0x0000004b   Data   RO          848    .constdata          TCP_CM3.lib(http_err.o)
    0x0000b574   0x0000b574   0x0000002f   Data   RO          849    .constdata          TCP_CM3.lib(http_err.o)
    0x0000b5a3   0x0000b5a3   0x00000088   Data   RO          850    .constdata          TCP_CM3.lib(http_err.o)
    0x0000b62b   0x0000b62b   0x00000005   PAD
    0x0000b630   0x0000b630   0x00000030   Data   RO         1200    .constdata          m_ws.l(cos_i.o)
    0x0000b660   0x0000b660   0x000000c8   Data   RO         1218    .constdata          m_ws.l(rred.o)
    0x0000b728   0x0000b728   0x00000028   Data   RO         1222    .constdata          m_ws.l(sin_i.o)
    0x0000b750   0x0000b750   0x00000081   Data   RO         1276    .constdata          mc_w.l(ctype_o.o)
    0x0000b7d1   0x0000b7d1   0x00000003   PAD
    0x0000b7d4   0x0000b7d4   0x00000004   Data   RO         1277    .constdata          mc_w.l(ctype_o.o)
    0x0000b7d8   0x0000b7d8   0x000000f9   Data   RO           61    .conststring        main.o
    0x0000b8d1   0x0000b8d1   0x00000003   PAD
    0x0000b8d4   0x0000b8d4   0x00000030   Data   RO         1310    Region$$Table       anon$$obj.o


    Execution Region RW_IRAM1 (Exec base: 0x10000000, Load base: 0x0000b904, Size: 0x00004598, Max: 0x00008000, ABSOLUTE, COMPRESSED[0x00001c6c])

    Exec Addr    Load Addr    Size         Type   Attr      Idx    E Section Name        Object

    0x10000000   COMPRESSED   0x00000004   Data   RW           15    .data               system_lpc17xx.o
    0x10000004   COMPRESSED   0x00003f94   Data   RW           62    .data               main.o
    0x10003f98   COMPRESSED   0x0000002a   Data   RW          278    .data               net_config.o
    0x10003fc2   COMPRESSED   0x00000002   PAD
    0x10003fc4   COMPRESSED   0x00000014   Data   RW          304    .data               emac_lpc17xx_lan8720.o
    0x10003fd8   COMPRESSED   0x0000004c   Data   RW          371    .data               touchpanel_1.o
    0x10004024   COMPRESSED   0x00000001   Data   RW          403    .data               glcd_1.o
    0x10004025   COMPRESSED   0x00000003   PAD
    0x10004028   COMPRESSED   0x00000008   Data   RW          490    .data               TCP_CM3.lib(at_arp.o)
    0x10004030   COMPRESSED   0x0000000c   Data   RW          521    .data               TCP_CM3.lib(at_ip.o)
    0x1000403c   COMPRESSED   0x00000004   Data   RW          585    .data               TCP_CM3.lib(at_tcp.o)
    0x10004040   COMPRESSED   0x0000000c   Data   RW          692    .data               TCP_CM3.lib(at_http.o)
    0x1000404c   COMPRESSED   0x00000004   Data   RW         1255    .data               mc_w.l(errno.o)
    0x10004050        -       0x00000253   Zero   RW           60    .bss                main.o
    0x100042a3   COMPRESSED   0x00000001   PAD
    0x100042a4        -       0x00000010   Zero   RW          540    .bss                TCP_CM3.lib(at_icmp.o)
    0x100042b4        -       0x00000084   Zero   RW          740    .bss                TCP_CM3.lib(at_ethernet.o)
    0x10004338        -       0x00000010   Zero   RW          816    .bss                TCP_CM3.lib(at_mem.o)
    0x10004348        -       0x0000004c   Zero   RW          834    .bss                TCP_CM3.lib(at_system.o)
    0x10004394   COMPRESSED   0x00000004   PAD
    0x10004398        -       0x00000200   Zero   RW            1    STACK               startup_lpc17xx.o


    Execution Region RW_IRAM2 (Exec base: 0x2007c000, Load base: 0x0000d570, Size: 0x00005e1c, Max: 0x00008000, ABSOLUTE)

    Exec Addr    Load Addr    Size         Type   Attr      Idx    E Section Name        Object

    0x2007c000        -       0x000033b8   Zero   RW          275    .bss                net_config.o
    0x2007f3b8        -       0x00002a64   Zero   RW          303    .bss                emac_lpc17xx_lan8720.o


==============================================================================

Image component sizes


      Code (inc. data)   RO Data    RW Data    ZI Data      Debug   Object Name

        32          6       1520          0          0       1439   asciilib_1.o
      1612        104          0         20      10852      26809   emac_lpc17xx_lan8720.o
      6032         44          0          1          0      17357   glcd_1.o
       460         96          0          0          0      15997   http_cgi.o
       348          6          0          0          0       1702   i2c_lpc17xx.o
      9916       1686        249      16276        595      48796   main.o
       116          8        144         42      13240      16917   net_config.o
        40         12        204          0        512       1160   startup_lpc17xx.o
       748         30          0          4          0      22937   system_lpc17xx.o
      1848         22          0         76          0       5888   touchpanel_1.o
       496         36          0          0          0      18013   uart_1.o
         0          0        828          0          0      14213   web_1.o

    ----------------------------------------------------------------------
     21648       2050       2996      16424      25200     191228   Object Totals
         0          0         48          0          0          0   (incl. Generated)
         0          0          3          5          1          0   (incl. Padding)

    ----------------------------------------------------------------------

      Code (inc. data)   RO Data    RW Data    ZI Data      Debug   Library Member Name

      1824        138          6          8          0       1040   at_arp.o
       488         58          6          0        132        404   at_ethernet.o
      5514       1176        244         12          0       2268   at_http.o
        18          0          0          0          0        340   at_http_uif.o
       404         30          0          0         16        308   at_icmp.o
       834         56          8         12          0        520   at_ip.o
       486          6          0          0          0       1224   at_lib.o
       568         46          0          0         16        520   at_mem.o
       196         40          0          0         76        292   at_system.o
      3936        158          0          4          0       2008   at_tcp.o
       208         12          0          0          0        156   at_udp.o
         0          0        503          0          0          0   http_err.o
       252         22         48          0          0        124   cos_i.o
        34          6          0          0          0        204   dunder.o
        40          0          0          0          0         68   fpclassify.o
       170          0          0          0          0         96   poly.o
       904         76        200          0          0        140   rred.o
       160         10          0          0          0        108   sin.o
       236         12         40          0          0        128   sin_i.o
        94          0          0          0          0          0   __dclz77c.o
        28          0          0          0          0         68   _chval.o
       158          0          0          0          0         92   _strtoul.o
        26          0          0          0          0         80   atoi.o
         8          4        133          0          0         68   ctype_o.o
         0          0          0          0          0          0   entry.o
         0          0          0          0          0          0   entry10a.o
         0          0          0          0          0          0   entry11a.o
         8          4          0          0          0          0   entry2.o
         4          0          0          0          0          0   entry5.o
         0          0          0          0          0          0   entry7b.o
         0          0          0          0          0          0   entry8b.o
         8          4          0          0          0          0   entry9a.o
        20         10          0          4          0        136   errno.o
        30          0          0          0          0          0   handlers.o
        36          8          0          0          0         68   init.o
         0          0          0          0          0          0   iusefp.o
        30          0          0          0          0         68   llshl.o
        36          0          0          0          0         68   llsshr.o
        32          0          0          0          0         68   llushr.o
        36          0          0          0          0         68   memcpya.o
        36          0          0          0          0        108   memseta.o
      2276         86          0          0          0        520   printfa.o
        28          0          0          0          0         76   strcmp.o
        18          0          0          0          0         68   strcpy.o
        14          0          0          0          0         68   strlen.o
       112          0          0          0          0         88   strtol.o
        44          0          0          0          0         80   uidiv.o
        98          0          0          0          0         92   uldiv.o
        48          0          0          0          0         68   cdcmple.o
        48          0          0          0          0         68   cdrcmple.o
        20          0          0          0          0         68   cfcmple.o
        20          0          0          0          0         68   cfrcmple.o
        56          0          0          0          0         88   d2f.o
       334          0          0          0          0        148   dadd.o
       222          0          0          0          0        100   ddiv.o
       186          0          0          0          0        176   depilogue.o
        62          0          0          0          0         80   dfixi.o
        50          0          0          0          0         76   dfixui.o
        48          0          0          0          0         68   dfixul.o
        34          0          0          0          0         76   dflti.o
        26          0          0          0          0         76   dfltui.o
       228          0          0          0          0         96   dmul.o
        46          0          0          0          0         80   dscalb.o
        38          0          0          0          0         68   f2d.o
       176          0          0          0          0        140   fadd.o
       124          0          0          0          0         88   fdiv.o
       110          0          0          0          0        168   fepilogue.o
        40          0          0          0          0         68   ffixui.o
        18          0          0          0          0         68   fflti.o
        10          0          0          0          0         68   ffltui.o
       100          0          0          0          0         76   fmul.o

    ----------------------------------------------------------------------
     21524       1962       1196         40        244      13912   Library Totals
        28          0          8          0          4          0   (incl. Padding)

    ----------------------------------------------------------------------

      Code (inc. data)   RO Data    RW Data    ZI Data      Debug   Library Name

     14476       1720        767         36        240       9080   TCP_CM3.lib
      1796        126        288          0          0        868   m_ws.l
      3180        116        133          4          0       1884   mc_w.l
      2044          0          0          0          0       2080   mf_w.l

    ----------------------------------------------------------------------
     21524       1962       1196         40        244      13912   Library Totals

    ----------------------------------------------------------------------

==============================================================================


      Code (inc. data)   RO Data    RW Data    ZI Data      Debug   

     43172       4012       4192      16464      25444     195700   Grand Totals
     43172       4012       4192       7276      25444     195700   ELF Image Totals (compressed)
     43172       4012       4192       7276          0          0   ROM Totals

==============================================================================

    Total RO  Size (Code + RO Data)                47364 (  46.25kB)
    Total RW  Size (RW Data + ZI Data)             41908 (  40.93kB)
    Total ROM Size (Code + RO Data + RW Data)      54640 (  53.36kB)

==============================================================================

