<html>
<body>
<pre>
<h1>µVision Build Log</h1>
<h2>Tool Versions:</h2>
IDE-Version: µVision V5.30.0.0
Copyright (C) 2020 ARM Ltd and ARM Germany GmbH. All rights reserved.
License Information: Ignacio Garcia Universidad de Alcalá Flex license: MDK Professional 5.30 (Flex): 180 user(s) (mdk_pro) Operation stops: 15 Jan 2024
 
Tool Versions:
Toolchain:       MDK Professional 5.30 (Flex): 180 user(s)  Version: 5.30.0.0
Toolchain Path:  C:\Keil_v5\ARM\ARMCC\Bin
C Compiler:      Armcc.exe V5.06 update 6 (build 750)
Assembler:       Armasm.exe V5.06 update 6 (build 750)
Linker/Locator:  ArmLink.exe V5.06 update 6 (build 750)
Library Manager: ArmAr.exe V5.06 update 6 (build 750)
Hex Converter:   FromElf.exe V5.06 update 6 (build 750)
CPU DLL:         SARMCM3.DLL V5.30.0.0
Dialog DLL:      DARMP1.DLL V1.27.0.0
Target DLL:      UL2CM3.DLL V1.163.3.0
Dialog DLL:      TARMP1.DLL V1.26.0.0
 
<h2>Project:</h2>
C:\Users\nacho\OneDrive - Universidad de Alcala\6 año\SEDA\9\robotSeda1-8 - modos - copia - copia\MDK-ARM\MenuLEDs.uvprojx
Project File Date:  01/18/2023

<h2>Output:</h2>
*** Using Compiler 'V5.06 update 6 (build 750)', folder: 'C:\Keil_v5\ARM\ARMCC\Bin'
Build target 'MiniDK2'
Note: source file '..\Web\web.c' - object file renamed from '.\Obj\web.o' to '.\Obj\web_1.o'.
Note: source file '..\..\TP_Simple_v4_KEIL4 6 hilos_Nueva1-7\MDK-ARM\uart.c' - object file renamed from '.\Obj\uart.o' to '.\Obj\uart_1.o'.
Note: source file '..\..\TP_Simple_v4_KEIL4 6 hilos_Nueva1-7\Libraries\TouchPanel\TouchPanel.c' - object file renamed from '.\Obj\TouchPanel.o' to '.\Obj\touchpanel_1.o'.
Note: source file '..\..\TP_Simple_v4_KEIL4 6 hilos_Nueva1-7\Libraries\GLCD\GLCD.c' - object file renamed from '.\Obj\GLCD.o' to '.\Obj\glcd_1.o'.
Note: source file '..\..\TP_Simple_v4_KEIL4 6 hilos_Nueva1-7\Libraries\GLCD\AsciiLib.c' - object file renamed from '.\Obj\AsciiLib.o' to '.\Obj\asciilib_1.o'.
custom translating Web.inp...
Custom: C:\Keil_v5\ARM\bin\fcarm @..\Web\Web.inp
FCARM FILE CONVERTER V2.58
Completed 1 File(s), Ratio 89%
compiling web.c...
compiling main.c...
linking...
Program Size: Code=43172 RO-data=4192 RW-data=16464 ZI-data=25444  
".\Obj\MenuLEDs.axf" - 0 Error(s), 0 Warning(s).

<h2>Software Packages used:</h2>

Package Vendor: ARM
                http://www.keil.com/pack/ARM.CMSIS.5.9.0.pack
                ARM.CMSIS.5.9.0
                CMSIS (Common Microcontroller Software Interface Standard)
   * Component: CORE Version: 5.6.0

Package Vendor: Keil
                http://www.keil.com/pack/Keil.LPC1700_DFP.2.7.0.pack
                Keil.LPC1700_DFP.2.7.0
                NXP LPC1700 Series Device Support, Drivers and Examples for MCB1700 and LPC1788-32

<h2>Collection of Component include folders:</h2>
  .\RTE\_MiniDK2
  C:\Users\nacho\AppData\Local\Arm\Packs\ARM\CMSIS\5.9.0\CMSIS\Core\Include
  C:\Users\nacho\AppData\Local\Arm\Packs\Keil\LPC1700_DFP\2.7.0\Device\Include

<h2>Collection of Component Files used:</h2>

   * Component: ARM::CMSIS:CORE:5.6.0
Build Time Elapsed:  00:00:02
</pre>
</body>
</html>
